

======================================================================
EDGEBREAK DAILY PIPELINE
======================================================================
Started: 03-Sep-2026 06:05:00
Working directory: C:\Users\joecr\Desktop\edgebreak
Python: C:\Users\joecr\AppData\Local\Programs\Python\Python314\python.exe
======================================================================

▶ Running Breakout Scanner...
✅ Breakout Scanner Complete

▶ Running Pre-Breakout Scanner...
✅ Pre-Breakout Scanner Complete

▶ Running Launch Pad Scanner...
✅ Launch Pad Scanner Complete

▶ Running Smart Money Scanner...
✅ Smart Money Scanner Complete

▶ Running Scanner Indicator History...
✅ Scanner Indicator History Complete

▶ Running Daily Brief Cull + Ranking...
✅ Daily Brief Cull + Ranking Complete

▶ Running FINRA Off-Exchange Analysis...
✅ FINRA Off-Exchange Analysis Complete

▶ Running FINRA X-Factor Rerank...
✅ FINRA X-Factor Rerank Complete

▶ Updating Git Repository...
✅ Git Add Complete
✅ Git Commit Complete
✅ Git Push Complete

======================================================================
EDGEBREAK DAILY SCAN REPORT
======================================================================
Started      : 03-Sep-2026 06:05:00
Finished     : 03-Sep-2026 08:24:23
Duration     : 139.4 minutes

Breakout Scanner         : SUCCESS
Pre-Breakout Scanner     : SUCCESS
Launch Pad Scanner       : SUCCESS
Smart Money Scanner      : SUCCESS

Indicator History        : SUCCESS
Daily Brief Cull         : SUCCESS
FINRA Analysis           : SUCCESS
X-Factor Rerank          : SUCCESS

Git Add                  : SUCCESS
Git Commit               : SUCCESS
Git Push                 : SUCCESS

Overall                  : SUCCESS
History File             : C:\Users\joecr\Desktop\edgebreak\daily_scan_history.csv
Log File                 : C:\Users\joecr\Desktop\edgebreak\daily_scan_run.log
======================================================================


======================================================================
EDGEBREAK DAILY PIPELINE
======================================================================
Started: 04-Sep-2026 06:05:01
Working directory: C:\Users\joecr\Desktop\edgebreak
Python: C:\Users\joecr\AppData\Local\Programs\Python\Python314\python.exe
======================================================================

▶ Running Breakout Scanner...
✅ Breakout Scanner Complete

▶ Running Pre-Breakout Scanner...
✅ Pre-Breakout Scanner Complete

▶ Running Launch Pad Scanner...
✅ Launch Pad Scanner Complete

▶ Running Smart Money Scanner...
✅ Smart Money Scanner Complete

▶ Running Scanner Indicator History...
✅ Scanner Indicator History Complete

▶ Running Daily Brief Cull + Ranking...
✅ Daily Brief Cull + Ranking Complete

▶ Running FINRA Off-Exchange Analysis...
✅ FINRA Off-Exchange Analysis Complete

▶ Running FINRA X-Factor Rerank...
✅ FINRA X-Factor Rerank Complete

▶ Updating Git Repository...
✅ Git Add Complete
✅ Git Commit Complete
✅ Git Push Complete

======================================================================
EDGEBREAK DAILY SCAN REPORT
======================================================================
Started      : 04-Sep-2026 06:05:01
Finished     : 04-Sep-2026 08:05:58
Duration     : 121.0 minutes

Breakout Scanner         : SUCCESS
Pre-Breakout Scanner     : SUCCESS
Launch Pad Scanner       : SUCCESS
Smart Money Scanner      : SUCCESS

Indicator History        : SUCCESS
Daily Brief Cull         : SUCCESS
FINRA Analysis           : SUCCESS
X-Factor Rerank          : SUCCESS

Git Add                  : SUCCESS
Git Commit               : SUCCESS
Git Push                 : SUCCESS

Overall                  : SUCCESS
History File             : C:\Users\joecr\Desktop\edgebreak\daily_scan_history.csv
Log File                 : C:\Users\joecr\Desktop\edgebreak\daily_scan_run.log
======================================================================


======================================================================
EDGEBREAK DAILY PIPELINE
======================================================================
Started: 05-Sep-2026 06:05:01
Working directory: C:\Users\joecr\Desktop\edgebreak
Python: C:\Users\joecr\AppData\Local\Programs\Python\Python314\python.exe
======================================================================

▶ Running Breakout Scanner...
✅ Breakout Scanner Complete

▶ Running Pre-Breakout Scanner...
✅ Pre-Breakout Scanner Complete

▶ Running Launch Pad Scanner...
✅ Launch Pad Scanner Complete

▶ Running Smart Money Scanner...
✅ Smart Money Scanner Complete

▶ Running Scanner Indicator History...
✅ Scanner Indicator History Complete

▶ Running Daily Brief Cull + Ranking...
✅ Daily Brief Cull + Ranking Complete

▶ Running FINRA Off-Exchange Analysis...
✅ FINRA Off-Exchange Analysis Complete

▶ Running FINRA X-Factor Rerank...
✅ FINRA X-Factor Rerank Complete

▶ Updating Git Repository...
✅ Git Add Complete
✅ Git Commit Complete
✅ Git Push Complete

======================================================================
EDGEBREAK DAILY SCAN REPORT
======================================================================
Started      : 05-Sep-2026 06:05:01
Finished     : 05-Sep-2026 08:13:15
Duration     : 128.2 minutes

Breakout Scanner         : SUCCESS
Pre-Breakout Scanner     : SUCCESS
Launch Pad Scanner       : SUCCESS
Smart Money Scanner      : SUCCESS

Indicator History        : SUCCESS
Daily Brief Cull         : SUCCESS
FINRA Analysis           : SUCCESS
X-Factor Rerank          : SUCCESS

Git Add                  : SUCCESS
Git Commit               : SUCCESS
Git Push                 : SUCCESS

Overall                  : SUCCESS
History File             : C:\Users\joecr\Desktop\edgebreak\daily_scan_history.csv
Log File                 : C:\Users\joecr\Desktop\edgebreak\daily_scan_run.log
======================================================================


======================================================================
EDGEBREAK DAILY PIPELINE
======================================================================
Started: 08-Sep-2026 06:05:00
Working directory: C:\Users\joecr\Desktop\edgebreak
Python: C:\Users\joecr\AppData\Local\Programs\Python\Python314\python.exe
======================================================================

▶ Running Breakout Scanner...
✅ Breakout Scanner Complete

▶ Running Pre-Breakout Scanner...
✅ Pre-Breakout Scanner Complete

▶ Running Launch Pad Scanner...
✅ Launch Pad Scanner Complete

▶ Running Smart Money Scanner...
✅ Smart Money Scanner Complete

▶ Running Scanner Indicator History...
✅ Scanner Indicator History Complete

▶ Running Daily Brief Cull + Ranking...
✅ Daily Brief Cull + Ranking Complete

▶ Running FINRA Off-Exchange Analysis...
✅ FINRA Off-Exchange Analysis Complete

▶ Running FINRA X-Factor Rerank...
✅ FINRA X-Factor Rerank Complete

▶ Updating Git Repository...
✅ Git Add Complete
✅ Git Commit Complete
✅ Git Push Complete

======================================================================
EDGEBREAK DAILY SCAN REPORT
======================================================================
Started      : 08-Sep-2026 06:05:00
Finished     : 08-Sep-2026 07:48:08
Duration     : 103.1 minutes

Breakout Scanner         : SUCCESS
Pre-Breakout Scanner     : SUCCESS
Launch Pad Scanner       : SUCCESS
Smart Money Scanner      : SUCCESS

Indicator History        : SUCCESS
Daily Brief Cull         : SUCCESS
FINRA Analysis           : SUCCESS
X-Factor Rerank          : SUCCESS

Git Add                  : SUCCESS
Git Commit               : SUCCESS
Git Push                 : SUCCESS

Overall                  : SUCCESS
History File             : C:\Users\joecr\Desktop\edgebreak\daily_scan_history.csv
Log File                 : C:\Users\joecr\Desktop\edgebreak\daily_scan_run.log
======================================================================


======================================================================
EDGEBREAK DAILY PIPELINE
======================================================================
Started: 09-Sep-2026 06:05:01
Working directory: C:\Users\joecr\Desktop\edgebreak
Python: C:\Users\joecr\AppData\Local\Programs\Python\Python314\python.exe
======================================================================

▶ Running Breakout Scanner...
✅ Breakout Scanner Complete

▶ Running Pre-Breakout Scanner...
✅ Pre-Breakout Scanner Complete

▶ Running Launch Pad Scanner...
✅ Launch Pad Scanner Complete

▶ Running Smart Money Scanner...
✅ Smart Money Scanner Complete

▶ Running Scanner Indicator History...
✅ Scanner Indicator History Complete

▶ Running Daily Brief Cull + Ranking...
✅ Daily Brief Cull + Ranking Complete

▶ Running FINRA Off-Exchange Analysis...
✅ FINRA Off-Exchange Analysis Complete

▶ Running FINRA X-Factor Rerank...
✅ FINRA X-Factor Rerank Complete

▶ Updating Git Repository...
✅ Git Add Complete
✅ Git Commit Complete
✅ Git Push Complete

======================================================================
EDGEBREAK DAILY SCAN REPORT
======================================================================
Started      : 09-Sep-2026 06:05:01
Finished     : 09-Sep-2026 07:56:24
Duration     : 111.4 minutes

Breakout Scanner         : SUCCESS
Pre-Breakout Scanner     : SUCCESS
Launch Pad Scanner       : SUCCESS
Smart Money Scanner      : SUCCESS

Indicator History        : SUCCESS
Daily Brief Cull         : SUCCESS
FINRA Analysis           : SUCCESS
X-Factor Rerank          : SUCCESS

Git Add                  : SUCCESS
Git Commit               : SUCCESS
Git Push                 : SUCCESS

Overall                  : SUCCESS
History File             : C:\Users\joecr\Desktop\edgebreak\daily_scan_history.csv
Log File                 : C:\Users\joecr\Desktop\edgebreak\daily_scan_run.log
======================================================================


======================================================================
EDGEBREAK DAILY PIPELINE
======================================================================
Started: 10-Sep-2026 09:16:36
Working directory: C:\Users\joecr\Desktop\edgebreak
Python: C:\Users\joecr\AppData\Local\Programs\Python\Python314\python.exe
======================================================================

▶ Running Breakout Scanner...


======================================================================
EDGEBREAK DAILY PIPELINE
======================================================================
Started: 10-Sep-2026 09:50:34
Working directory: C:\Users\joecr\OneDrive\Desktop\edgebreak
Python: C:\Users\joecr\AppData\Local\Programs\Python\Python314\python.exe
======================================================================

▶ Running Breakout Scanner...
✅ Breakout Scanner Complete

▶ Running Pre-Breakout Scanner...
✅ Pre-Breakout Scanner Complete

▶ Running Launch Pad Scanner...
✅ Launch Pad Scanner Complete

▶ Running Smart Money Scanner...
✅ Smart Money Scanner Complete

▶ Running Scanner Indicator History...
✅ Scanner Indicator History Complete

▶ Running Daily Brief Cull + Ranking...
✅ Daily Brief Cull + Ranking Complete

▶ Running FINRA Off-Exchange Analysis...
✅ FINRA Off-Exchange Analysis Complete

▶ Running FINRA X-Factor Rerank...
✅ FINRA X-Factor Rerank Complete

▶ Updating Git Repository...
✅ Git Add Complete
✅ Git Commit Complete
✅ Git Push Complete

======================================================================
EDGEBREAK DAILY SCAN REPORT
======================================================================
Started      : 10-Sep-2026 09:50:34
Finished     : 10-Sep-2026 11:35:24
Duration     : 104.8 minutes

Breakout Scanner         : SUCCESS
Pre-Breakout Scanner     : SUCCESS
Launch Pad Scanner       : SUCCESS
Smart Money Scanner      : SUCCESS

Indicator History        : SUCCESS
Daily Brief Cull         : SUCCESS
FINRA Analysis           : SUCCESS
X-Factor Rerank          : SUCCESS

Git Add                  : SUCCESS
Git Commit               : SUCCESS
Git Push                 : SUCCESS

Overall                  : SUCCESS
History File             : C:\Users\joecr\OneDrive\Desktop\edgebreak\daily_scan_history.csv
Log File                 : C:\Users\joecr\OneDrive\Desktop\edgebreak\daily_scan_run.log
======================================================================


======================================================================
EDGEBREAK DAILY PIPELINE
======================================================================
Started: 11-Sep-2026 09:22:39
Working directory: C:\Users\joecr\OneDrive\Desktop\edgebreak
Python: C:\Users\joecr\AppData\Local\Programs\Python\Python314\python.exe
======================================================================

▶ Running Breakout Scanner...
✅ Breakout Scanner Complete

▶ Running Pre-Breakout Scanner...
✅ Pre-Breakout Scanner Complete

▶ Running Launch Pad Scanner...
✅ Launch Pad Scanner Complete

▶ Running Smart Money Scanner...
✅ Smart Money Scanner Complete

▶ Running Scanner Indicator History...
✅ Scanner Indicator History Complete

▶ Running Daily Brief Cull + Ranking...
✅ Daily Brief Cull + Ranking Complete

▶ Running FINRA Off-Exchange Analysis...
✅ FINRA Off-Exchange Analysis Complete

▶ Running FINRA X-Factor Rerank...
✅ FINRA X-Factor Rerank Complete

▶ Updating Git Repository...
