✅ Breakout Scanner Complete

▶ Running Pre-Breakout Scanner...
❌ Pre-Breakout Scanner FAILED
   File not found: C:\Users\joecr\Desktop\edgebreak\scanner_database_builder.py

======================================================================
EDGEBREAK DAILY SCAN REPORT
======================================================================
Started      : 10-Sep-2026 09:16:36
Finished     : 10-Sep-2026 09:46:57
Duration     : 30.4 minutes

Breakout Scanner         : SUCCESS
Pre-Breakout Scanner     : FAILED
Launch Pad Scanner       : NOT RUN
Smart Money Scanner      : NOT RUN

Indicator History        : NOT RUN
Daily Brief Cull         : NOT RUN
FINRA Analysis           : NOT RUN
X-Factor Rerank          : NOT RUN

Git Add                  : NOT RUN
Git Commit               : NOT RUN
Git Push                 : NOT RUN

Overall                  : FAILED
History File             : C:\Users\joecr\Desktop\edgebreak\daily_scan_history.csv
Log File                 : C:\Users\joecr\Desktop\edgebreak\daily_scan_run.log
======================================================================
